[2026-09-21T17:58:27.269Z][INFO] Command-line: 'C:\\Program Files\\Unity\\Hub\\Editor\\6000.5.7f1\\Editor\\Data\\Resources\\PackageManager\\Server\\UnityPackageManager.exe' server -s 22712 --ipc-path Unity-Upm-22712 -l 2 --log-file C:\\Users\\matti\\Documents\\GitHub\\Red-Line/Logs/upm.log
[2026-09-21T17:58:27.305Z][INFO] IPC server started (IPC path=Unity-Upm-22712).
[2026-09-21T17:58:27.305Z][INFO] Hint: To connect to this UPM instance, launch Unity with the command-line parameter -upmIpcPath Upm-22712.
[2026-09-21T17:58:38.542Z][INFO] project:list-packages <-- Request received
params: {}
[2026-09-21T17:58:38.544Z][INFO] project:list-packages --> 404 (2 ms)
[2026-09-21T17:58:38.635Z][INFO] project:list-packages <-- Request received
params: {}
[2026-09-21T17:58:38.639Z][INFO] project:list-packages --> 404 (4 ms)
[2026-09-21T17:58:38.652Z][INFO] config:project:get-registries <-- Request received
params: {}
[2026-09-21T17:58:38.654Z][INFO] config:project:get-registries --> 404 (2 ms)
[2026-09-21T17:58:38.737Z][INFO] project:update-dependencies <-- Request received
params: {}
[2026-09-21T17:58:38.820Z][INFO] project:update-dependencies --> 200 (83 ms)
[2026-09-21T17:58:38.837Z][INFO] project:resolve-packages <-- Request received
params: {}
[2026-09-21T17:58:39.930Z][INFO] project:resolve-packages --> 200 (1094 ms)
[2026-09-21T17:58:46.523Z][INFO] project:list-packages <-- Request received
params: {}
[2026-09-21T17:58:46.537Z][INFO] project:list-packages <-- Request received
params: {}
[2026-09-21T17:58:46.592Z][INFO] config:project:get-registries <-- Request received
params: {}
[2026-09-21T17:58:46.612Z][INFO] config:project:get-registries --> 200 (20 ms)
[2026-09-21T17:58:46.613Z][INFO] project:list-packages --> 200 (90 ms)
[2026-09-21T17:58:46.613Z][INFO] project:list-packages --> 200 (76 ms)
[2026-09-21T17:58:48.916Z][INFO] project:list-packages <-- Request received
params: {}
[2026-09-21T17:58:48.965Z][INFO] project:list-packages --> 200 (49 ms)
[2026-09-21T17:58:50.379Z][INFO] project:list-packages <-- Request received
params: {}
[2026-09-21T17:58:50.427Z][INFO] project:list-packages --> 200 (48 ms)
[2026-09-21T17:58:50.442Z][INFO] packages:get-all-packageinfo <-- Request received
params: {}
[2026-09-21T17:58:50.457Z][INFO] packages:get-all-packageinfo <-- Request received
params: {}
[2026-09-21T17:58:51.065Z][INFO] project:list-packages <-- Request received
params: {}
[2026-09-21T17:58:51.263Z][INFO] packages:get-all-packageinfo --> 200 (806 ms)
[2026-09-21T17:58:51.323Z][INFO] project:list-packages --> 200 (258 ms)
[2026-09-21T17:58:51.393Z][INFO] packages:get-packageinfo <-- Request received
params: {
  "packageId": "com.unity.addressables@2.9.1"
}
[2026-09-21T17:58:51.408Z][INFO] packages:get-packageinfo <-- Request received
params: {
  "packageId": "com.unity.ads.ios-support@1.0.1"
}
[2026-09-21T17:58:51.422Z][INFO] packages:get-packageinfo <-- Request received
params: {
  "packageId": "com.unity.ide.rider@3.0.40"
}
[2026-09-21T17:58:51.437Z][INFO] packages:get-packageinfo <-- Request received
params: {
  "packageId": "com.unity.learn.iet-framework@5.0.4"
}
[2026-09-21T17:58:51.452Z][INFO] packages:get-packageinfo <-- Request received
params: {
  "packageId": "com.unity.learn.iet-framework.authoring@1.5.4"
}
[2026-09-21T17:58:51.466Z][INFO] packages:get-packageinfo <-- Request received
params: {
  "packageId": "com.unity.polyspatial.extensions@3.1.5"
}
[2026-09-21T17:58:51.480Z][INFO] packages:get-packageinfo <-- Request received
params: {
  "packageId": "com.unity.polyspatial.visionos@3.1.5"
}
[2026-09-21T17:58:51.495Z][INFO] packages:get-packageinfo <-- Request received
params: {
  "packageId": "com.unity.project-auditor-rules@1.0.3"
}
[2026-09-21T17:58:51.509Z][INFO] packages:get-packageinfo <-- Request received
params: {
  "packageId": "com.unity.scriptablebuildpipeline@2.6.2"
}
[2026-09-21T17:58:51.523Z][INFO] packages:get-packageinfo <-- Request received
params: {
  "packageId": "com.unity.services.authentication@3.7.4"
}
[2026-09-21T17:58:51.537Z][INFO] packages:get-packageinfo --> 200 (14 ms)
[2026-09-21T17:58:51.538Z][INFO] packages:get-packageinfo <-- Request received
params: {
  "packageId": "com.unity.services.friends@1.1.1"
}
[2026-09-21T17:58:51.550Z][INFO] packages:get-packageinfo --> 200 (12 ms)
[2026-09-21T17:58:51.552Z][INFO] packages:get-packageinfo <-- Request received
params: {
  "packageId": "com.unity.services.moderation@1.0.2"
}
[2026-09-21T17:58:51.564Z][INFO] packages:get-packageinfo --> 200 (12 ms)
[2026-09-21T17:58:51.567Z][INFO] packages:get-packageinfo <-- Request received
params: {
  "packageId": "com.unity.xr.androidxr-openxr@1.3.2"
}
[2026-09-21T17:58:51.577Z][INFO] packages:get-packageinfo <-- Request received
params: {
  "packageId": "com.unity.xr.arcore@6.5.1"
}
[2026-09-21T17:58:51.592Z][INFO] packages:get-packageinfo <-- Request received
params: {
  "packageId": "com.unity.xr.arfoundation@6.5.1"
}
[2026-09-21T17:58:51.605Z][INFO] packages:get-packageinfo <-- Request received
params: {
  "packageId": "com.unity.xr.arkit@6.5.1"
}
[2026-09-21T17:58:51.616Z][INFO] packages:get-packageinfo <-- Request received
params: {
  "packageId": "com.unity.xr.compositionlayers@2.5.0"
}
[2026-09-21T17:58:51.629Z][INFO] packages:get-packageinfo <-- Request received
params: {
  "packageId": "com.unity.xr.hands@1.8.1"
}
[2026-09-21T17:58:51.644Z][INFO] packages:get-packageinfo <-- Request received
params: {
  "packageId": "com.unity.xr.interaction.toolkit@3.5.1"
}
[2026-09-21T17:58:51.654Z][INFO] packages:get-packageinfo <-- Request received
params: {
  "packageId": "com.unity.xr.management@4.5.4"
}
[2026-09-21T17:58:51.669Z][INFO] packages:get-packageinfo <-- Request received
params: {
  "packageId": "com.unity.xr.meta-openxr@2.5.1"
}
[2026-09-21T17:58:51.683Z][INFO] packages:get-packageinfo <-- Request received
params: {
  "packageId": "com.unity.xr.openxr@1.17.1"
}
[2026-09-21T17:58:51.697Z][INFO] packages:get-packageinfo <-- Request received
params: {
  "packageId": "com.unity.xr.visionos@3.1.5"
}
[2026-09-21T17:58:51.890Z][INFO] packages:get-packageinfo --> 200 (482 ms)
[2026-09-21T17:58:52.044Z][INFO] packages:get-packageinfo --> 200 (651 ms)
[2026-09-21T17:58:52.173Z][INFO] packages:get-packageinfo --> 200 (751 ms)
[2026-09-21T17:58:52.187Z][INFO] packages:get-packageinfo --> 200 (721 ms)
[2026-09-21T17:58:52.331Z][INFO] packages:get-packageinfo --> 200 (894 ms)
[2026-09-21T17:58:52.353Z][INFO] packages:get-packageinfo --> 200 (901 ms)
[2026-09-21T17:58:52.355Z][INFO] packages:get-packageinfo --> 200 (875 ms)
[2026-09-21T17:58:52.390Z][INFO] packages:get-packageinfo --> 200 (896 ms)
[2026-09-21T17:58:52.489Z][INFO] packages:get-packageinfo --> 200 (980 ms)
[2026-09-21T17:58:52.631Z][INFO] packages:get-packageinfo --> 200 (1015 ms)
[2026-09-21T17:58:52.662Z][INFO] packages:get-packageinfo --> 200 (1070 ms)
[2026-09-21T17:58:52.672Z][INFO] packages:get-packageinfo --> 200 (1095 ms)
[2026-09-21T17:58:52.682Z][INFO] packages:get-packageinfo --> 200 (1115 ms)
[2026-09-21T17:58:52.693Z][INFO] packages:get-packageinfo --> 200 (1064 ms)
[2026-09-21T17:58:52.783Z][INFO] packages:get-packageinfo --> 200 (1114 ms)
[2026-09-21T17:58:52.806Z][INFO] packages:get-packageinfo --> 200 (1109 ms)
[2026-09-21T17:58:52.809Z][INFO] packages:get-packageinfo --> 200 (1126 ms)
[2026-09-21T17:58:52.812Z][INFO] packages:get-packageinfo --> 200 (1207 ms)
[2026-09-21T17:58:52.814Z][INFO] packages:get-packageinfo --> 200 (1160 ms)
[2026-09-21T17:58:52.817Z][INFO] packages:get-packageinfo --> 200 (1173 ms)
[2026-09-21T17:58:52.841Z][INFO] packages:get-all-packageinfo --> 200 (2399 ms)
